// Jest Snapshot v1, https://goo.gl/fbAQLP

exports[`render AccountInfoBlock component in Account Details en-us ProductInfoBlock snapshot 1`] = `
<div>
  <div
    class="current_value_block"
  >
    <div
      class="current_account_data"
    >
      <div
        class="logo_currency"
      />
      <div
        class="name_currency"
      />
      <div
        class="value_currency"
      >
        0,00
      </div>
    </div>
  </div>
</div>
`;
