// Jest Snapshot v1, https://goo.gl/fbAQLP

exports[`Rendering SingUpStepOne component Get snapshot 1`] = `
<div
  class="container"
>
  <h1
    class="title"
  >
    Sign up
  </h1>
  <h2
    class="sub_title"
  >
    Please take a photo of yourself while holding your ID/ Passport.
  </h2>
  <div
    class="container"
  >
    <img
      alt="icon"
      class="icon"
      src="id-verification.svg"
    />
    <p
      class="description"
    >
      Your ID must be the same as the one used for identify verification.
    </p>
    <button
      class="default primarySmall button"
      type="button"
    >
      Continue
    </button>
  </div>
</div>
`;
