// Jest Snapshot v1, https://goo.gl/fbAQLP

exports[`Rendering SuccessPopup  component Get snapshot 1`] = `
<div
  class="wrapper"
>
  <p
    class="title"
  >
    Your biometrical verification is correct!
  </p>
  <svg
    class="icon"
  >
    successIdSelfie.svg
  </svg>
  <div
    class="buttons_container"
  >
    <button
      class="default primarySmall button"
      type="button"
    >
      Continue
    </button>
    <button
      class="default secondarySmall button"
      type="button"
    >
      Cancel
    </button>
  </div>
</div>
`;
