// Jest Snapshot v1, https://goo.gl/fbAQLP

exports[`Rendering UnsuccessSelfie component with not last attempt Get snapshot 1`] = `
<div
  class="wrapper"
>
  <h2
    class="title"
  >
    Sorry you photo wasn’t verified!
  </h2>
  <svg
    class="icon"
  >
    unsuccess.svg
  </svg>
  <p
    class="description"
  >
    Please choose the another way to register or cancel registration process.
  </p>
  <div
    class="wrapper_button"
  >
    <button
      class="default primarySmall "
      type="button"
    >
      Continue offline
    </button>
    <button
      class="default secondarySmall "
      type="button"
    >
      Cancel
    </button>
  </div>
</div>
`;
