// Jest Snapshot v1, https://goo.gl/fbAQLP

exports[`Rendering SmsForm component EN Get snapshot 1`] = `
<form
  class="sms_form"
>
  <div
    class="inputs"
  >
    <input
      class="input input_active"
      id="firstInput"
      name="firstInput"
      type="text"
      value=""
    />
    <input
      class="input"
      id="secondInput"
      name="secondInput"
      type="text"
      value=""
    />
    <input
      class="input"
      id="thirdInput"
      name="thirdInput"
      type="text"
      value=""
    />
    <input
      class="input"
      id="fourthInput"
      name="fourthInput"
      type="text"
      value=""
    />
    <input
      class="input"
      id="fifthInput"
      name="fifthInput"
      type="text"
      value=""
    />
    <input
      class="input"
      id="sixthInput"
      name="sixthInput"
      type="text"
      value=""
    />
  </div>
  <div
    class="wrapper"
  >
    <p
      class="sms_timer"
    >
      You can resend a code in
       
      <span
        class="sms_timer_numbers"
      >
        05
        :
        00
      </span>
    </p>
  </div>
  <div
    class="button_group"
  >
    <button
      class="button_group__submit button__disabled"
      disabled=""
      type="submit"
    >
      Confirm
    </button>
    <button
      class="button_group__cancel"
      type="button"
    >
      Cancel
    </button>
  </div>
</form>
`;
